###############################################################################
#
# IAR ELF Linker V9.40.1.364/W64 for ARM                  08/May/2026  12:11:24
# Copyright 2007-2023 IAR Systems AB.
#
#    Output file  =
#        C:\Users\20463\Downloads\lt\lt\Seekfree_CYT4BB_Opensource_Library\project\iar\project_config\Debug_m7_0\Exe\cyt4bb7_cm_7_0.out
#    Map file     =
#        C:\Users\20463\Downloads\lt\lt\Seekfree_CYT4BB_Opensource_Library\project\iar\Debug_m7_0\List\cyt4bb7_cm_7_0.map
#    Command line =
#        -f
#        C:\Users\20463\Downloads\lt\lt\Seekfree_CYT4BB_Opensource_Library\project\iar\project_config\Debug_m7_0\Exe\cyt4bb7_cm_7_0.out.rsp
#        (C:\Users\20463\Downloads\lt\lt\Seekfree_CYT4BB_Opensource_Library\project\iar\Debug_m7_0\Obj\user_8514941877209965082.dir\cm7_0_isr.o
#        C:\Users\20463\Downloads\lt\lt\Seekfree_CYT4BB_Opensource_Library\project\iar\Debug_m7_0\Obj\adc_11722776235721520015.dir\cy_adc.o
#        C:\Users\20463\Downloads\lt\lt\Seekfree_CYT4BB_Opensource_Library\project\iar\Debug_m7_0\Obj\button_4990804375159372270.dir\cy_button.o
#        C:\Users\20463\Downloads\lt\lt\Seekfree_CYT4BB_Opensource_Library\project\iar\Debug_m7_0\Obj\canfd_1800690984773873875.dir\cy_canfd.o
#        C:\Users\20463\Downloads\lt\lt\Seekfree_CYT4BB_Opensource_Library\project\iar\Debug_m7_0\Obj\cpu_15938736945165268644.dir\cy_cpu.o
#        C:\Users\20463\Downloads\lt\lt\Seekfree_CYT4BB_Opensource_Library\project\iar\Debug_m7_0\Obj\crypto_1190170608956581615.dir\cy_crypto_config.o
#        C:\Users\20463\Downloads\lt\lt\Seekfree_CYT4BB_Opensource_Library\project\iar\Debug_m7_0\Obj\eth_phy_18133017486186456677.dir\cy_dp83867.o
#        C:\Users\20463\Downloads\lt\lt\Seekfree_CYT4BB_Opensource_Library\project\iar\Debug_m7_0\Obj\ethernet_6029839089178797009.dir\cy_ethif.o
#        C:\Users\20463\Downloads\lt\lt\Seekfree_CYT4BB_Opensource_Library\project\iar\Debug_m7_0\Obj\evtgen_3404189088603873129.dir\cy_evtgen.o
#        C:\Users\20463\Downloads\lt\lt\Seekfree_CYT4BB_Opensource_Library\project\iar\Debug_m7_0\Obj\flash_8529866181315662935.dir\cy_flash.o
#        C:\Users\20463\Downloads\lt\lt\Seekfree_CYT4BB_Opensource_Library\project\iar\Debug_m7_0\Obj\gpio_3999404635324069351.dir\cy_gpio.o
#        C:\Users\20463\Downloads\lt\lt\Seekfree_CYT4BB_Opensource_Library\project\iar\Debug_m7_0\Obj\audioss_1346650047966882938.dir\cy_i2s.o
#        C:\Users\20463\Downloads\lt\lt\Seekfree_CYT4BB_Opensource_Library\project\iar\Debug_m7_0\Obj\rev_b_6162237342861132223.dir\cy_interrupt_map.o
#        C:\Users\20463\Downloads\lt\lt\Seekfree_CYT4BB_Opensource_Library\project\iar\Debug_m7_0\Obj\ipc_10145506163450686023.dir\cy_ipc_drv.o
#        C:\Users\20463\Downloads\lt\lt\Seekfree_CYT4BB_Opensource_Library\project\iar\Debug_m7_0\Obj\ipc_10145506163450686023.dir\cy_ipc_pipe.o
#        C:\Users\20463\Downloads\lt\lt\Seekfree_CYT4BB_Opensource_Library\project\iar\Debug_m7_0\Obj\ipc_10145506163450686023.dir\cy_ipc_sema.o
#        C:\Users\20463\Downloads\lt\lt\Seekfree_CYT4BB_Opensource_Library\project\iar\Debug_m7_0\Obj\lin_18429031207028094880.dir\cy_lin.o
#        C:\Users\20463\Downloads\lt\lt\Seekfree_CYT4BB_Opensource_Library\project\iar\Debug_m7_0\Obj\lvd_6353935867039560245.dir\cy_lvd.o
#        C:\Users\20463\Downloads\lt\lt\Seekfree_CYT4BB_Opensource_Library\project\iar\Debug_m7_0\Obj\mcwdt_4052485907822033969.dir\cy_mcwdt.o
#        C:\Users\20463\Downloads\lt\lt\Seekfree_CYT4BB_Opensource_Library\project\iar\Debug_m7_0\Obj\dma_12106025507578611576.dir\cy_mdma.o
#        C:\Users\20463\Downloads\lt\lt\Seekfree_CYT4BB_Opensource_Library\project\iar\Debug_m7_0\Obj\mpu_5663187252346826382.dir\cy_mpu.o
#        C:\Users\20463\Downloads\lt\lt\Seekfree_CYT4BB_Opensource_Library\project\iar\Debug_m7_0\Obj\flash_864493325053435817.dir\cy_mw_flash.o
#        C:\Users\20463\Downloads\lt\lt\Seekfree_CYT4BB_Opensource_Library\project\iar\Debug_m7_0\Obj\dma_12106025507578611576.dir\cy_pdma.o
#        C:\Users\20463\Downloads\lt\lt\Seekfree_CYT4BB_Opensource_Library\project\iar\Debug_m7_0\Obj\power_14453085144426420577.dir\cy_power.o
#        C:\Users\20463\Downloads\lt\lt\Seekfree_CYT4BB_Opensource_Library\project\iar\Debug_m7_0\Obj\prot_10722960861768657883.dir\cy_prot.o
#        C:\Users\20463\Downloads\lt\lt\Seekfree_CYT4BB_Opensource_Library\project\iar\Debug_m7_0\Obj\scb_15490842639181808494.dir\cy_scb_common.o
#        C:\Users\20463\Downloads\lt\lt\Seekfree_CYT4BB_Opensource_Library\project\iar\Debug_m7_0\Obj\scb_15490842639181808494.dir\cy_scb_ezi2c.o
#        C:\Users\20463\Downloads\lt\lt\Seekfree_CYT4BB_Opensource_Library\project\iar\Debug_m7_0\Obj\scb_15490842639181808494.dir\cy_scb_i2c.o
#        C:\Users\20463\Downloads\lt\lt\Seekfree_CYT4BB_Opensource_Library\project\iar\Debug_m7_0\Obj\scb_15490842639181808494.dir\cy_scb_spi.o
#        C:\Users\20463\Downloads\lt\lt\Seekfree_CYT4BB_Opensource_Library\project\iar\Debug_m7_0\Obj\scb_15490842639181808494.dir\cy_scb_uart.o
#        C:\Users\20463\Downloads\lt\lt\Seekfree_CYT4BB_Opensource_Library\project\iar\Debug_m7_0\Obj\sd_host_2982766354293506895.dir\cy_sd_host.o
#        C:\Users\20463\Downloads\lt\lt\Seekfree_CYT4BB_Opensource_Library\project\iar\Debug_m7_0\Obj\semihosting_143864889731838620.dir\cy_semihosting.o
#        C:\Users\20463\Downloads\lt\lt\Seekfree_CYT4BB_Opensource_Library\project\iar\Debug_m7_0\Obj\smartio_5451710003740070188.dir\cy_smartio.o
#        C:\Users\20463\Downloads\lt\lt\Seekfree_CYT4BB_Opensource_Library\project\iar\Debug_m7_0\Obj\smif_427648126384146252.dir\cy_smif.o
#        C:\Users\20463\Downloads\lt\lt\Seekfree_CYT4BB_Opensource_Library\project\iar\Debug_m7_0\Obj\smif_mem_6470536964353725183.dir\cy_smif_device_common.o
#        C:\Users\20463\Downloads\lt\lt\Seekfree_CYT4BB_Opensource_Library\project\iar\Debug_m7_0\Obj\smif_mem_6470536964353725183.dir\cy_smif_hb_flash.o
#        C:\Users\20463\Downloads\lt\lt\Seekfree_CYT4BB_Opensource_Library\project\iar\Debug_m7_0\Obj\smif_427648126384146252.dir\cy_smif_memslot.o
#        C:\Users\20463\Downloads\lt\lt\Seekfree_CYT4BB_Opensource_Library\project\iar\Debug_m7_0\Obj\smif_mem_6470536964353725183.dir\cy_smif_s25fl.o
#        C:\Users\20463\Downloads\lt\lt\Seekfree_CYT4BB_Opensource_Library\project\iar\Debug_m7_0\Obj\smif_mem_6470536964353725183.dir\cy_smif_s25fs.o
#        C:\Users\20463\Downloads\lt\lt\Seekfree_CYT4BB_Opensource_Library\project\iar\Debug_m7_0\Obj\smif_mem_6470536964353725183.dir\cy_smif_semp.o
#        C:\Users\20463\Downloads\lt\lt\Seekfree_CYT4BB_Opensource_Library\project\iar\Debug_m7_0\Obj\smif_427648126384146252.dir\cy_smif_ver_specific.o
#        C:\Users\20463\Downloads\lt\lt\Seekfree_CYT4BB_Opensource_Library\project\iar\Debug_m7_0\Obj\srom_13018798572330080582.dir\cy_srom.o
#        C:\Users\20463\Downloads\lt\lt\Seekfree_CYT4BB_Opensource_Library\project\iar\Debug_m7_0\Obj\sw_timer_4215635015939382130.dir\cy_sw_tmr.o
#        C:\Users\20463\Downloads\lt\lt\Seekfree_CYT4BB_Opensource_Library\project\iar\Debug_m7_0\Obj\sysclk_16149231235676103872.dir\cy_sysclk.o
#        C:\Users\20463\Downloads\lt\lt\Seekfree_CYT4BB_Opensource_Library\project\iar\Debug_m7_0\Obj\sysflt_12293435975120599261.dir\cy_sysflt.o
#        C:\Users\20463\Downloads\lt\lt\Seekfree_CYT4BB_Opensource_Library\project\iar\Debug_m7_0\Obj\sysint_7435970359207984181.dir\cy_sysint.o
#        C:\Users\20463\Downloads\lt\lt\Seekfree_CYT4BB_Opensource_Library\project\iar\Debug_m7_0\Obj\syslib_16330585751512546975.dir\cy_syslib.o
#        C:\Users\20463\Downloads\lt\lt\Seekfree_CYT4BB_Opensource_Library\project\iar\Debug_m7_0\Obj\syslib_16330585751512546975.dir\cy_syslib_iar.o
#        C:\Users\20463\Downloads\lt\lt\Seekfree_CYT4BB_Opensource_Library\project\iar\Debug_m7_0\Obj\syspm_10887939769544754770.dir\cy_syspm.o
#        C:\Users\20463\Downloads\lt\lt\Seekfree_CYT4BB_Opensource_Library\project\iar\Debug_m7_0\Obj\sysreghc_17676636058511625587.dir\cy_sysreghc.o
#        C:\Users\20463\Downloads\lt\lt\Seekfree_CYT4BB_Opensource_Library\project\iar\Debug_m7_0\Obj\sysreset_14586141425677365288.dir\cy_sysreset.o
#        C:\Users\20463\Downloads\lt\lt\Seekfree_CYT4BB_Opensource_Library\project\iar\Debug_m7_0\Obj\sysrtc_10747768817563771611.dir\cy_sysrtc.o
#        C:\Users\20463\Downloads\lt\lt\Seekfree_CYT4BB_Opensource_Library\project\iar\Debug_m7_0\Obj\systick_16016591671695740695.dir\cy_systick.o
#        C:\Users\20463\Downloads\lt\lt\Seekfree_CYT4BB_Opensource_Library\project\iar\Debug_m7_0\Obj\syswdt_9118657615806274156.dir\cy_syswdt.o
#        C:\Users\20463\Downloads\lt\lt\Seekfree_CYT4BB_Opensource_Library\project\iar\Debug_m7_0\Obj\tcpwm_422923530147891246.dir\cy_tcpwm.o
#        C:\Users\20463\Downloads\lt\lt\Seekfree_CYT4BB_Opensource_Library\project\iar\Debug_m7_0\Obj\tcpwm_422923530147891246.dir\cy_tcpwm_counter.o
#        C:\Users\20463\Downloads\lt\lt\Seekfree_CYT4BB_Opensource_Library\project\iar\Debug_m7_0\Obj\tcpwm_422923530147891246.dir\cy_tcpwm_pwm.o
#        C:\Users\20463\Downloads\lt\lt\Seekfree_CYT4BB_Opensource_Library\project\iar\Debug_m7_0\Obj\tcpwm_422923530147891246.dir\cy_tcpwm_quaddec.o
#        C:\Users\20463\Downloads\lt\lt\Seekfree_CYT4BB_Opensource_Library\project\iar\Debug_m7_0\Obj\tcpwm_422923530147891246.dir\cy_tcpwm_sr.o
#        C:\Users\20463\Downloads\lt\lt\Seekfree_CYT4BB_Opensource_Library\project\iar\Debug_m7_0\Obj\trigmux_9729677290734583340.dir\cy_trigmux.o
#        C:\Users\20463\Downloads\lt\lt\Seekfree_CYT4BB_Opensource_Library\project\iar\Debug_m7_0\Obj\ethernet_6029839089178797009.dir\edd.o
#        C:\Users\20463\Downloads\lt\lt\Seekfree_CYT4BB_Opensource_Library\project\iar\Debug_m7_0\Obj\ethernet_6029839089178797009.dir\edd_rx.o
#        C:\Users\20463\Downloads\lt\lt\Seekfree_CYT4BB_Opensource_Library\project\iar\Debug_m7_0\Obj\ethernet_6029839089178797009.dir\edd_tx.o
#        C:\Users\20463\Downloads\lt\lt\Seekfree_CYT4BB_Opensource_Library\project\iar\Debug_m7_0\Obj\user_8514941877209965082.dir\main_cm7_0.o
#        C:\Users\20463\Downloads\lt\lt\Seekfree_CYT4BB_Opensource_Library\project\iar\Debug_m7_0\Obj\zf_components_14936052685886095442.dir\seekfree_assistant.o
#        C:\Users\20463\Downloads\lt\lt\Seekfree_CYT4BB_Opensource_Library\project\iar\Debug_m7_0\Obj\zf_components_14936052685886095442.dir\seekfree_assistant_interface.o
#        C:\Users\20463\Downloads\lt\lt\Seekfree_CYT4BB_Opensource_Library\project\iar\Debug_m7_0\Obj\code_17896468042025673432.dir\servo.o
#        C:\Users\20463\Downloads\lt\lt\Seekfree_CYT4BB_Opensource_Library\project\iar\Debug_m7_0\Obj\code_17896468042025673432.dir\small_driver_uart_control.o
#        C:\Users\20463\Downloads\lt\lt\Seekfree_CYT4BB_Opensource_Library\project\iar\Debug_m7_0\Obj\startup_479057977785470282.dir\startup.o
#        C:\Users\20463\Downloads\lt\lt\Seekfree_CYT4BB_Opensource_Library\project\iar\Debug_m7_0\Obj\startup_479057977785470282.dir\startup_cm7.o
#        C:\Users\20463\Downloads\lt\lt\Seekfree_CYT4BB_Opensource_Library\project\iar\Debug_m7_0\Obj\rev_b_4986922561640112550.dir\system_tviibh4m_cm7.o
#        C:\Users\20463\Downloads\lt\lt\Seekfree_CYT4BB_Opensource_Library\project\iar\Debug_m7_0\Obj\zf_common_1201165462030747823.dir\zf_common_clock.o
#        C:\Users\20463\Downloads\lt\lt\Seekfree_CYT4BB_Opensource_Library\project\iar\Debug_m7_0\Obj\zf_common_1201165462030747823.dir\zf_common_debug.o
#        C:\Users\20463\Downloads\lt\lt\Seekfree_CYT4BB_Opensource_Library\project\iar\Debug_m7_0\Obj\zf_common_1201165462030747823.dir\zf_common_fifo.o
#        C:\Users\20463\Downloads\lt\lt\Seekfree_CYT4BB_Opensource_Library\project\iar\Debug_m7_0\Obj\zf_common_1201165462030747823.dir\zf_common_font.o
#        C:\Users\20463\Downloads\lt\lt\Seekfree_CYT4BB_Opensource_Library\project\iar\Debug_m7_0\Obj\zf_common_1201165462030747823.dir\zf_common_function.o
#        C:\Users\20463\Downloads\lt\lt\Seekfree_CYT4BB_Opensource_Library\project\iar\Debug_m7_0\Obj\zf_common_1201165462030747823.dir\zf_common_interrupt.o
#        C:\Users\20463\Downloads\lt\lt\Seekfree_CYT4BB_Opensource_Library\project\iar\Debug_m7_0\Obj\zf_device_6570275422786408770.dir\zf_device_ble6a20.o
#        C:\Users\20463\Downloads\lt\lt\Seekfree_CYT4BB_Opensource_Library\project\iar\Debug_m7_0\Obj\zf_device_6570275422786408770.dir\zf_device_dl1a.o
#        C:\Users\20463\Downloads\lt\lt\Seekfree_CYT4BB_Opensource_Library\project\iar\Debug_m7_0\Obj\zf_device_6570275422786408770.dir\zf_device_dl1b.o
#        C:\Users\20463\Downloads\lt\lt\Seekfree_CYT4BB_Opensource_Library\project\iar\Debug_m7_0\Obj\zf_device_6570275422786408770.dir\zf_device_gnss.o
#        C:\Users\20463\Downloads\lt\lt\Seekfree_CYT4BB_Opensource_Library\project\iar\Debug_m7_0\Obj\zf_device_6570275422786408770.dir\zf_device_icm20602.o
#        C:\Users\20463\Downloads\lt\lt\Seekfree_CYT4BB_Opensource_Library\project\iar\Debug_m7_0\Obj\zf_device_6570275422786408770.dir\zf_device_imu660ra.o
#        C:\Users\20463\Downloads\lt\lt\Seekfree_CYT4BB_Opensource_Library\project\iar\Debug_m7_0\Obj\zf_device_6570275422786408770.dir\zf_device_imu660rb.o
#        C:\Users\20463\Downloads\lt\lt\Seekfree_CYT4BB_Opensource_Library\project\iar\Debug_m7_0\Obj\zf_device_6570275422786408770.dir\zf_device_imu660rc.o
#        C:\Users\20463\Downloads\lt\lt\Seekfree_CYT4BB_Opensource_Library\project\iar\Debug_m7_0\Obj\zf_device_6570275422786408770.dir\zf_device_imu963ra.o
#        C:\Users\20463\Downloads\lt\lt\Seekfree_CYT4BB_Opensource_Library\project\iar\Debug_m7_0\Obj\zf_device_6570275422786408770.dir\zf_device_ips114.o
#        C:\Users\20463\Downloads\lt\lt\Seekfree_CYT4BB_Opensource_Library\project\iar\Debug_m7_0\Obj\zf_device_6570275422786408770.dir\zf_device_ips200.o
#        C:\Users\20463\Downloads\lt\lt\Seekfree_CYT4BB_Opensource_Library\project\iar\Debug_m7_0\Obj\zf_device_6570275422786408770.dir\zf_device_ips200pro.o
#        C:\Users\20463\Downloads\lt\lt\Seekfree_CYT4BB_Opensource_Library\project\iar\Debug_m7_0\Obj\zf_device_6570275422786408770.dir\zf_device_key.o
#        C:\Users\20463\Downloads\lt\lt\Seekfree_CYT4BB_Opensource_Library\project\iar\Debug_m7_0\Obj\zf_device_6570275422786408770.dir\zf_device_lora3a22.o
#        C:\Users\20463\Downloads\lt\lt\Seekfree_CYT4BB_Opensource_Library\project\iar\Debug_m7_0\Obj\zf_device_6570275422786408770.dir\zf_device_menc15a.o
#        C:\Users\20463\Downloads\lt\lt\Seekfree_CYT4BB_Opensource_Library\project\iar\Debug_m7_0\Obj\zf_device_6570275422786408770.dir\zf_device_mt9v03x.o
#        C:\Users\20463\Downloads\lt\lt\Seekfree_CYT4BB_Opensource_Library\project\iar\Debug_m7_0\Obj\zf_device_6570275422786408770.dir\zf_device_oled.o
#        C:\Users\20463\Downloads\lt\lt\Seekfree_CYT4BB_Opensource_Library\project\iar\Debug_m7_0\Obj\zf_device_6570275422786408770.dir\zf_device_pmw3901.o
#        C:\Users\20463\Downloads\lt\lt\Seekfree_CYT4BB_Opensource_Library\project\iar\Debug_m7_0\Obj\zf_device_6570275422786408770.dir\zf_device_tft180.o
#        C:\Users\20463\Downloads\lt\lt\Seekfree_CYT4BB_Opensource_Library\project\iar\Debug_m7_0\Obj\zf_device_6570275422786408770.dir\zf_device_tsl1401.o
#        C:\Users\20463\Downloads\lt\lt\Seekfree_CYT4BB_Opensource_Library\project\iar\Debug_m7_0\Obj\zf_device_6570275422786408770.dir\zf_device_type.o
#        C:\Users\20463\Downloads\lt\lt\Seekfree_CYT4BB_Opensource_Library\project\iar\Debug_m7_0\Obj\zf_device_6570275422786408770.dir\zf_device_uart_receiver.o
#        C:\Users\20463\Downloads\lt\lt\Seekfree_CYT4BB_Opensource_Library\project\iar\Debug_m7_0\Obj\zf_device_6570275422786408770.dir\zf_device_upflow302.o
#        C:\Users\20463\Downloads\lt\lt\Seekfree_CYT4BB_Opensource_Library\project\iar\Debug_m7_0\Obj\zf_device_6570275422786408770.dir\zf_device_wifi_spi.o
#        C:\Users\20463\Downloads\lt\lt\Seekfree_CYT4BB_Opensource_Library\project\iar\Debug_m7_0\Obj\zf_device_6570275422786408770.dir\zf_device_wifi_uart.o
#        C:\Users\20463\Downloads\lt\lt\Seekfree_CYT4BB_Opensource_Library\project\iar\Debug_m7_0\Obj\zf_device_6570275422786408770.dir\zf_device_wireless_uart.o
#        C:\Users\20463\Downloads\lt\lt\Seekfree_CYT4BB_Opensource_Library\project\iar\Debug_m7_0\Obj\zf_driver_11922370083829174090.dir\zf_driver_adc.o
#        C:\Users\20463\Downloads\lt\lt\Seekfree_CYT4BB_Opensource_Library\project\iar\Debug_m7_0\Obj\zf_driver_11922370083829174090.dir\zf_driver_delay.o
#        C:\Users\20463\Downloads\lt\lt\Seekfree_CYT4BB_Opensource_Library\project\iar\Debug_m7_0\Obj\zf_driver_11922370083829174090.dir\zf_driver_dma.o
#        C:\Users\20463\Downloads\lt\lt\Seekfree_CYT4BB_Opensource_Library\project\iar\Debug_m7_0\Obj\zf_driver_11922370083829174090.dir\zf_driver_encoder.o
#        C:\Users\20463\Downloads\lt\lt\Seekfree_CYT4BB_Opensource_Library\project\iar\Debug_m7_0\Obj\zf_driver_11922370083829174090.dir\zf_driver_exti.o
#        C:\Users\20463\Downloads\lt\lt\Seekfree_CYT4BB_Opensource_Library\project\iar\Debug_m7_0\Obj\zf_driver_11922370083829174090.dir\zf_driver_flash.o
#        C:\Users\20463\Downloads\lt\lt\Seekfree_CYT4BB_Opensource_Library\project\iar\Debug_m7_0\Obj\zf_driver_11922370083829174090.dir\zf_driver_gpio.o
#        C:\Users\20463\Downloads\lt\lt\Seekfree_CYT4BB_Opensource_Library\project\iar\Debug_m7_0\Obj\zf_driver_11922370083829174090.dir\zf_driver_ipc.o
#        C:\Users\20463\Downloads\lt\lt\Seekfree_CYT4BB_Opensource_Library\project\iar\Debug_m7_0\Obj\zf_driver_11922370083829174090.dir\zf_driver_pit.o
#        C:\Users\20463\Downloads\lt\lt\Seekfree_CYT4BB_Opensource_Library\project\iar\Debug_m7_0\Obj\zf_driver_11922370083829174090.dir\zf_driver_pwm.o
#        C:\Users\20463\Downloads\lt\lt\Seekfree_CYT4BB_Opensource_Library\project\iar\Debug_m7_0\Obj\zf_driver_11922370083829174090.dir\zf_driver_soft_iic.o
#        C:\Users\20463\Downloads\lt\lt\Seekfree_CYT4BB_Opensource_Library\project\iar\Debug_m7_0\Obj\zf_driver_11922370083829174090.dir\zf_driver_soft_spi.o
#        C:\Users\20463\Downloads\lt\lt\Seekfree_CYT4BB_Opensource_Library\project\iar\Debug_m7_0\Obj\zf_driver_11922370083829174090.dir\zf_driver_spi.o
#        C:\Users\20463\Downloads\lt\lt\Seekfree_CYT4BB_Opensource_Library\project\iar\Debug_m7_0\Obj\zf_driver_11922370083829174090.dir\zf_driver_timer.o
#        C:\Users\20463\Downloads\lt\lt\Seekfree_CYT4BB_Opensource_Library\project\iar\Debug_m7_0\Obj\zf_driver_11922370083829174090.dir\zf_driver_uart.o
#        --no_out_extension -o
#        C:\Users\20463\Downloads\lt\lt\Seekfree_CYT4BB_Opensource_Library\project\iar\project_config\Debug_m7_0\Exe\cyt4bb7_cm_7_0.out
#        --config_def _CORE_cm7_0_=0 --config_def _LINK_flash_=0 --map
#        C:\Users\20463\Downloads\lt\lt\Seekfree_CYT4BB_Opensource_Library\project\iar\Debug_m7_0\List\cyt4bb7_cm_7_0.map
#        --config
#        C:\Users\20463\Downloads\lt\lt\Seekfree_CYT4BB_Opensource_Library\project\iar\project_config\..\icf\linker_directives_tviibh.icf
#        --semihosting
#        C:\Users\20463\Downloads\lt\lt\Seekfree_CYT4BB_Opensource_Library\project\iar\project_config\..\..\..\libraries\sdk\tviibh4m\src\drivers\crypto\libs\libcrypto_server_cm0plus_iar.a
#        C:\Users\20463\Downloads\lt\lt\Seekfree_CYT4BB_Opensource_Library\project\iar\project_config\..\..\..\libraries\zf_device\zf_device_config.a
#        C:\Users\20463\Downloads\lt\lt\Seekfree_CYT4BB_Opensource_Library\project\iar\project_config\..\..\..\libraries\sdk\common\hdr\cmsis\dsp\iar_cortexM7lf_math.a
#        --entry __iar_program_start --vfe --text_out locale --cpu=Cortex-M7
#        --fpu=VFPv5_d16) --dependencies=n
#        C:\Users\20463\Downloads\lt\lt\Seekfree_CYT4BB_Opensource_Library\project\iar\project_config\Debug_m7_0\Exe\cyt4bb7_cm_7_0.out.iar_deps
#
###############################################################################

*******************************************************************************
*** RUNTIME MODEL ATTRIBUTES
***

CppFlavor       = *
__CPP_Runtime   = 1
__Heap_Handler  = Basic
__SystemLibrary = DLib
__dlib_version  = 6


*******************************************************************************
*** HEAP SELECTION
***

The basic heap was selected because --advanced_heap
was not specified and the application did not appear to
be primarily optimized for speed.


*******************************************************************************
*** PLACEMENT SUMMARY
***

"A0":  place at start of [from 0x1008'0000 to 0x1027'ffff] { section .intvec };
"P1":  place in [from 0x1008'0000 to 0x1027'ffff] { ro };
"P2":  place in [from 0x2802'0000 to 0x2807'ffff] { rw };
define block HEAP with size = 1K, alignment = 8 { };
define block CSTACK with size = 8K, alignment = 8 { };
define block HEAP_STACK { block HEAP, last block CSTACK };
"A1":  place at end of [from 0x2802'0000 to 0x2807'ffff] { block HEAP_STACK };
do not initialize { section .intvec_ram };
initialize by copy { rw };

No sections matched the following patterns:

  ro section .sflash_app_prot  in "P6"
  ro section .sflash_nar       in "P4"
  ro section .sflash_pkey      in "P5"
  ro section .sflash_toc2      in "P7"
  ro section .sflash_uf_rows   in "P3"
  ro section .work_flash       in "P8"
  section .global_ram_data     in "P9"


  Section            Kind         Address    Size  Object
  -------            ----         -------    ----  ------
"A0":                                        0x80
  .intvec            ro code  0x1008'0000    0x80  startup_cm7.o [31]
                            - 0x1008'0080    0x80

"P1":                                      0x4c38
  .text              ro code  0x1008'0080   0xeae  xprintffull_nomb.o [50]
  .text              ro code  0x1008'0f2e    0x7e  lz77_init_single.o [52]
  .text              ro code  0x1008'0fac    0x16  strchr.o [52]
  .text              ro code  0x1008'0fc2     0xa  xsprout.o [50]
  .text              ro code  0x1008'0fcc    0x40  xfail_s.o [50]
  .text              ro code  0x1008'100c    0x36  strlen.o [52]
  .text              ro code  0x1008'1044    0x58  memchr.o [52]
  .text              ro code  0x1008'109c    0xa6  ABImemcpy.o [52]
  .text              ro code  0x1008'1144    0x70  frexp.o [51]
  .text              ro code  0x1008'11b4    0x34  DblCmpLe.o [51]
  .text              ro code  0x1008'11e8    0x34  DblCmpGe.o [51]
  .text              ro code  0x1008'121c   0x104  ldexp.o [51]
  .text              ro code  0x1008'1320     0xe  DblToS32.o [51]
  .text              ro code  0x1008'132e     0xe  S32ToDbl.o [51]
  .text              ro code  0x1008'133c    0x12  DblSub.o [51]
  .text              ro code  0x1008'134e    0x12  DblDiv.o [51]
  .text              ro code  0x1008'1360     0xe  DblToU32.o [51]
  .text              ro code  0x1008'136e     0xe  U32ToDbl.o [51]
  .text              ro code  0x1008'137c    0x12  DblMul.o [51]
  .text              ro code  0x1008'1390   0x230  I64DivMod.o [52]
  .text              ro code  0x1008'15c0     0x6  abort.o [50]
  .text              ro code  0x1008'15c8     0x2  I64DivZer.o [52]
  .text              ro code  0x1008'15cc    0x14  exit.o [53]
  .text              ro code  0x1008'15e0   0xacc  zf_driver_uart.o [49]
  .text              ro code  0x1008'20ac   0x420  zf_common_debug.o [46]
  .text              ro code  0x1008'24cc     0x6  ABImemclr4.o [52]
  .text              ro code  0x1008'24d4    0x66  ABImemset.o [52]
  .text              ro code  0x1008'253c   0x194  cy_gpio.o [14]
  .text              ro code  0x1008'26d0   0x314  cy_scb_uart.o [24]
  .text              ro code  0x1008'29e4    0xe2  zf_common_interrupt.o [46]
  .text              ro code  0x1008'2ac8    0x40  sprintf.o [50]
  .text              ro code  0x1008'2b08   0x448  zf_common_fifo.o [46]
  .text              ro code  0x1008'2f50    0x32  ABImemset48.o [52]
  .text              ro code  0x1008'2f84    0x20  zf_driver_pwm.o [49]
  .text              ro code  0x1008'2fa4    0xac  cy_sysint.o [35]
  .text              ro code  0x1008'3050   0x8e8  cy_sysclk.o [33]
  .text              ro code  0x1008'3938    0x70  strncpy.o [52]
  .text              ro code  0x1008'39a8    0xa8  cy_syslib.o [36]
  .text              ro code  0x1008'3a50     0x2  cy_syslib.o [36]
  .text              ro code  0x1008'3a54   0x220  zf_driver_delay.o [49]
  .text              ro code  0x1008'3c74   0x18e  cy_tcpwm_counter.o [43]
  .text              ro code  0x1008'3e02     0xc  cy_tcpwm.o [43]
  .text              ro code  0x1008'3e10   0x204  startup.o [31]
  .text              ro code  0x1008'4014   0x150  system_tviibh4m_cm7.o [22]
  .text              ro code  0x1008'4164     0x8  startup_cm7.o [31]
  .text              ro code  0x1008'416c     0x6  startup_cm7.o [31]
  .text              ro code  0x1008'4174   0x198  cy_interrupt_map.o [23]
  .text              ro code  0x1008'430c   0x114  zf_device_gnss.o [48]
  .text              ro code  0x1008'4420    0x2a  strncmp.o [50]
  .text              ro code  0x1008'444c    0xe4  zf_driver_gpio.o [49]
  .text              ro code  0x1008'4530    0xb0  startup_cm7.o [31]
  .rodata            const    0x1008'45e0    0x7c  system_tviibh4m_cm7.o [22]
  .rodata            const    0x1008'465c    0x78  cy_sysclk.o [33]
  .rodata            const    0x1008'46d4    0x78  cy_sysclk.o [33]
  .text              ro code  0x1008'474c    0x74  cm7_0_isr.o [45]
  .rodata            const    0x1008'47c0    0x68  zf_common_fifo.o [46]
  .rodata            const    0x1008'4828    0x68  zf_driver_uart.o [49]
  .text              ro code  0x1008'4890    0x38  zero_init3.o [52]
  .text              ro code  0x1008'48c8    0x28  data_init.o [52]
  .text              ro code  0x1008'48f0    0x22  fpinit_M.o [51]
  .iar.init_table    const    0x1008'4914    0x20  - Linker created -
  .text              ro code  0x1008'4934    0x20  main_cm7_0.o [45]
  .text              ro code  0x1008'4954    0x1c  zf_common_clock.o [46]
  .text              ro code  0x1008'4970    0x20  startup_cm7.o [31]
  .text              ro code  0x1008'4990    0x1e  cy_syslib_iar.o [36]
  .text              ro code  0x1008'49b0    0x1e  cmain.o [52]
  .text              ro code  0x1008'49d0     0x4  startup_cm7.o [31]
  .text              ro code  0x1008'49d4     0x4  exit.o [50]
  .text              ro code  0x1008'49d8     0xa  cexit.o [52]
  .rodata            const    0x1008'49e4    0x1c  zf_common_debug.o [46]
  .text              ro code  0x1008'4a00    0x1c  startup_cm7.o [31]
  .text              ro code  0x1008'4a1c    0x1c  cstartup_M.o [52]
  .rodata            const    0x1008'4a38    0x18  startup.o [31]
  .rodata            const    0x1008'4a50    0x18  system_tviibh4m_cm7.o [22]
  .rodata            const    0x1008'4a68    0x18  zf_common_debug.o [46]
  .rodata            const    0x1008'4a80    0x10  zf_common_debug.o [46]
  .rodata            const    0x1008'4a90    0x10  zf_common_debug.o [46]
  .rodata            const    0x1008'4aa0     0xc  zf_common_debug.o [46]
  .rodata            const    0x1008'4aac     0xc  zf_common_debug.o [46]
  .text              ro code  0x1008'4ab8     0xc  cy_syslib.o [36]
  .rodata            const    0x1008'4ac4     0x8  cy_sysclk.o [33]
  .rodata            const    0x1008'4acc     0x4  cy_interrupt_map.o [23]
  .rodata            const    0x1008'4ad0     0x4  cy_interrupt_map.o [23]
  .rodata            const    0x1008'4ad4     0x4  cy_interrupt_map.o [23]
  .rodata            const    0x1008'4ad8     0x4  cy_interrupt_map.o [23]
  .rodata            const    0x1008'4adc     0x4  cy_interrupt_map.o [23]
  .rodata            const    0x1008'4ae0     0x4  cy_interrupt_map.o [23]
  .rodata            const    0x1008'4ae4     0x4  cy_interrupt_map.o [23]
  .rodata            const    0x1008'4ae8     0x4  cy_interrupt_map.o [23]
  .rodata            const    0x1008'4aec     0x4  cy_scb_uart.o [24]
  .rodata            const    0x1008'4af0     0x4  cy_scb_uart.o [24]
  .rodata            const    0x1008'4af4     0x4  cy_scb_uart.o [24]
  .rodata            const    0x1008'4af8     0x4  cy_scb_uart.o [24]
  .rodata            const    0x1008'4afc     0x4  cy_scb_uart.o [24]
  .rodata            const    0x1008'4b00     0x4  cy_scb_uart.o [24]
  .rodata            const    0x1008'4b04     0x4  cy_scb_uart.o [24]
  .rodata            const    0x1008'4b08     0x4  cy_scb_uart.o [24]
  .rodata            const    0x1008'4b0c     0x4  cy_scb_uart.o [24]
  .rodata            const    0x1008'4b10     0x4  cy_scb_uart.o [24]
  .rodata            const    0x1008'4b14     0x4  cy_sysint.o [35]
  .rodata            const    0x1008'4b18     0x4  cy_sysint.o [35]
  .rodata            const    0x1008'4b1c     0x4  cy_tcpwm_counter.o [43]
  .rodata            const    0x1008'4b20     0x4  cy_tcpwm_counter.o [43]
  .rodata            const    0x1008'4b24     0x4  cy_tcpwm_counter.o [43]
  .rodata            const    0x1008'4b28     0x4  cy_tcpwm_counter.o [43]
  .rodata            const    0x1008'4b2c     0x4  cy_tcpwm_counter.o [43]
  .text              ro code  0x1008'4b30     0x4  startup_cm7.o [31]
  .text              ro code  0x1008'4b34     0x4  startup_cm7.o [31]
  .text              ro code  0x1008'4b38     0x4  startup_cm7.o [31]
  .text              ro code  0x1008'4b3c     0x4  startup_cm7.o [31]
  .text              ro code  0x1008'4b40     0x4  startup_cm7.o [31]
  .text              ro code  0x1008'4b44     0x4  startup_cm7.o [31]
  .text              ro code  0x1008'4b48     0x4  startup_cm7.o [31]
  .text              ro code  0x1008'4b4c     0x4  startup_cm7.o [31]
  .text              ro code  0x1008'4b50     0x4  startup_cm7.o [31]
  .text              ro code  0x1008'4b54     0x4  startup_cm7.o [31]
  .text              ro code  0x1008'4b58     0x4  startup_cm7.o [31]
  .text              ro code  0x1008'4b5c     0x4  startup_cm7.o [31]
  .text              ro code  0x1008'4b60     0x4  startup_cm7.o [31]
  .text              ro code  0x1008'4b64     0x4  startup_cm7.o [31]
  .text              ro code  0x1008'4b68     0x4  startup_cm7.o [31]
  .text              ro code  0x1008'4b6c     0x2  zf_device_type.o [48]
  .rodata            const    0x1008'4b6e     0x0  zero_init3.o [52]
  .rodata            const    0x1008'4b6e     0x0  lz77_init_single.o [52]
  Initializer bytes  const    0x1008'4b6e    0x5a  <for P2-1>
                            - 0x1008'4bc8  0x4b48

"P2", part 1 of 3:                          0x734
  P2-1                        0x2802'0000   0x734  <Init block>
    .data            inited   0x2802'0000   0x6ec  cy_interrupt_map.o [23]
    .data            inited   0x2802'06ec     0x4  cy_interrupt_map.o [23]
    .data            inited   0x2802'06f0     0x4  zf_device_type.o [48]
    .data            inited   0x2802'06f4     0x4  zf_device_type.o [48]
    .data            inited   0x2802'06f8    0x1c  zf_driver_uart.o [49]
    .data            inited   0x2802'0714    0x1c  zf_driver_uart.o [49]
    .data            inited   0x2802'0730     0x2  zf_driver_delay.o [49]
    .data            inited   0x2802'0732     0x1  zf_common_debug.o [46]
    .data            inited   0x2802'0733     0x1  zf_driver_delay.o [49]
                            - 0x2802'0734   0x734

"P2", part 2 of 3:                          0x4dc
  .bss               zero     0x2802'0734   0x188  zf_driver_uart.o [49]
  .bss               zero     0x2802'08bc    0x80  zf_device_gnss.o [48]
  .bss               zero     0x2802'093c    0x80  zf_device_gnss.o [48]
  .bss               zero     0x2802'09bc    0x80  zf_device_gnss.o [48]
  .bss               zero     0x2802'0a3c    0x70  cy_syslib.o [36]
  .bss               zero     0x2802'0aac    0x70  zf_driver_uart.o [49]
  .bss               zero     0x2802'0b1c    0x40  zf_common_debug.o [46]
  .bss               zero     0x2802'0b5c    0x18  cy_sysclk.o [33]
  .bss               zero     0x2802'0b74    0x18  cy_syslib.o [36]
  .bss               zero     0x2802'0b8c    0x18  zf_common_debug.o [46]
  .bss               zero     0x2802'0ba4    0x18  zf_device_gnss.o [48]
  .bss               zero     0x2802'0bbc    0x14  zf_common_debug.o [46]
  .bss               zero     0x2802'0bd0     0x8  zf_driver_uart.o [49]
  .bss               zero     0x2802'0bd8     0x8  zf_driver_uart.o [49]
  .bss               zero     0x2802'0be0     0x4  cy_syslib.o [36]
  .bss               zero     0x2802'0be4     0x4  system_tviibh4m_cm7.o [22]
  .bss               zero     0x2802'0be8     0x4  system_tviibh4m_cm7.o [22]
  .bss               zero     0x2802'0bec     0x4  system_tviibh4m_cm7.o [22]
  .bss               zero     0x2802'0bf0     0x4  system_tviibh4m_cm7.o [22]
  .bss               zero     0x2802'0bf4     0x4  system_tviibh4m_cm7.o [22]
  .bss               zero     0x2802'0bf8     0x4  zf_common_clock.o [46]
  .bss               zero     0x2802'0bfc     0x4  zf_common_interrupt.o [46]
  .bss               zero     0x2802'0c00     0x4  xfail_s.o [50]
  .bss               zero     0x2802'0c04     0x1  cy_sysclk.o [33]
  .bss               zero     0x2802'0c05     0x1  zf_common_debug.o [46]
  .bss               zero     0x2802'0c06     0x1  zf_common_debug.o [46]
  .bss               zero     0x2802'0c07     0x1  zf_common_debug.o [46]
  .bss               zero     0x2802'0c08     0x1  zf_device_gnss.o [48]
  .bss               zero     0x2802'0c09     0x1  zf_device_gnss.o [48]
  .bss               zero     0x2802'0c0a     0x1  zf_device_gnss.o [48]
  .bss               zero     0x2802'0c0b     0x1  zf_device_gnss.o [48]
  .bss               zero     0x2802'0c0c     0x1  zf_device_gnss.o [48]
                            - 0x2802'0c0d   0x4d9

"P2", part 3 of 3:                           0x80
  .intvec_ram        uninit   0x2802'0c80    0x80  startup_cm7.o [31]
                            - 0x2802'0d00    0x80

"A1":                                      0x2000
  HEAP_STACK                  0x2807'e000  0x2000  <Block>
    CSTACK                    0x2807'e000  0x2000  <Block>
      CSTACK         uninit   0x2807'e000  0x2000  <Block tail>
                            - 0x2808'0000  0x2000

Unused ranges:

         From           To       Size
         ----           --       ----
  0x1008'4cb8  0x1027'ffff  0x1f'b348
  0x2802'0c10  0x2802'0c7f       0x70
  0x2802'0d00  0x2807'dfff   0x5'd300


*******************************************************************************
*** INIT TABLE
***

          Address      Size
          -------      ----
Zero (__iar_zero_init3)
    1 destination range, total size 0x4d9:
          0x2802'0734  0x4d9

Copy/lz77 (__iar_lz77_init_single3)
    1 source range, total size 0x5a (4% of destination):
          0x1008'4b6e   0x5a
    1 destination range, total size 0x734:
          0x2802'0000  0x734



*******************************************************************************
*** MODULE SUMMARY
***

    Module                 ro code  ro data  rw data
    ------                 -------  -------  -------
command line/config:
    ------------------------------------------------
    Total:

C:\Users\20463\Downloads\lt\lt\Seekfree_CYT4BB_Opensource_Library\project\iar\Debug_m7_0\Obj\adc_11722776235721520015.dir: [1]
    ------------------------------------------------
    Total:

C:\Users\20463\Downloads\lt\lt\Seekfree_CYT4BB_Opensource_Library\project\iar\Debug_m7_0\Obj\audioss_1346650047966882938.dir: [2]
    ------------------------------------------------
    Total:

C:\Users\20463\Downloads\lt\lt\Seekfree_CYT4BB_Opensource_Library\project\iar\Debug_m7_0\Obj\button_4990804375159372270.dir: [3]
    ------------------------------------------------
    Total:

C:\Users\20463\Downloads\lt\lt\Seekfree_CYT4BB_Opensource_Library\project\iar\Debug_m7_0\Obj\canfd_1800690984773873875.dir: [4]
    ------------------------------------------------
    Total:

C:\Users\20463\Downloads\lt\lt\Seekfree_CYT4BB_Opensource_Library\project\iar\Debug_m7_0\Obj\code_17896468042025673432.dir: [5]
    ------------------------------------------------
    Total:

C:\Users\20463\Downloads\lt\lt\Seekfree_CYT4BB_Opensource_Library\project\iar\Debug_m7_0\Obj\cpu_15938736945165268644.dir: [6]
    ------------------------------------------------
    Total:

C:\Users\20463\Downloads\lt\lt\Seekfree_CYT4BB_Opensource_Library\project\iar\Debug_m7_0\Obj\crypto_1190170608956581615.dir: [7]
    ------------------------------------------------
    Total:

C:\Users\20463\Downloads\lt\lt\Seekfree_CYT4BB_Opensource_Library\project\iar\Debug_m7_0\Obj\dma_12106025507578611576.dir: [8]
    ------------------------------------------------
    Total:

C:\Users\20463\Downloads\lt\lt\Seekfree_CYT4BB_Opensource_Library\project\iar\Debug_m7_0\Obj\eth_phy_18133017486186456677.dir: [9]
    ------------------------------------------------
    Total:

C:\Users\20463\Downloads\lt\lt\Seekfree_CYT4BB_Opensource_Library\project\iar\Debug_m7_0\Obj\ethernet_6029839089178797009.dir: [10]
    ------------------------------------------------
    Total:

C:\Users\20463\Downloads\lt\lt\Seekfree_CYT4BB_Opensource_Library\project\iar\Debug_m7_0\Obj\evtgen_3404189088603873129.dir: [11]
    ------------------------------------------------
    Total:

C:\Users\20463\Downloads\lt\lt\Seekfree_CYT4BB_Opensource_Library\project\iar\Debug_m7_0\Obj\flash_8529866181315662935.dir: [12]
    ------------------------------------------------
    Total:

C:\Users\20463\Downloads\lt\lt\Seekfree_CYT4BB_Opensource_Library\project\iar\Debug_m7_0\Obj\flash_864493325053435817.dir: [13]
    ------------------------------------------------
    Total:

C:\Users\20463\Downloads\lt\lt\Seekfree_CYT4BB_Opensource_Library\project\iar\Debug_m7_0\Obj\gpio_3999404635324069351.dir: [14]
    cy_gpio.o                  404
    ------------------------------------------------
    Total:                     404

C:\Users\20463\Downloads\lt\lt\Seekfree_CYT4BB_Opensource_Library\project\iar\Debug_m7_0\Obj\ipc_10145506163450686023.dir: [15]
    ------------------------------------------------
    Total:

C:\Users\20463\Downloads\lt\lt\Seekfree_CYT4BB_Opensource_Library\project\iar\Debug_m7_0\Obj\lin_18429031207028094880.dir: [16]
    ------------------------------------------------
    Total:

C:\Users\20463\Downloads\lt\lt\Seekfree_CYT4BB_Opensource_Library\project\iar\Debug_m7_0\Obj\lvd_6353935867039560245.dir: [17]
    ------------------------------------------------
    Total:

C:\Users\20463\Downloads\lt\lt\Seekfree_CYT4BB_Opensource_Library\project\iar\Debug_m7_0\Obj\mcwdt_4052485907822033969.dir: [18]
    ------------------------------------------------
    Total:

C:\Users\20463\Downloads\lt\lt\Seekfree_CYT4BB_Opensource_Library\project\iar\Debug_m7_0\Obj\mpu_5663187252346826382.dir: [19]
    ------------------------------------------------
    Total:

C:\Users\20463\Downloads\lt\lt\Seekfree_CYT4BB_Opensource_Library\project\iar\Debug_m7_0\Obj\power_14453085144426420577.dir: [20]
    ------------------------------------------------
    Total:

C:\Users\20463\Downloads\lt\lt\Seekfree_CYT4BB_Opensource_Library\project\iar\Debug_m7_0\Obj\prot_10722960861768657883.dir: [21]
    ------------------------------------------------
    Total:

C:\Users\20463\Downloads\lt\lt\Seekfree_CYT4BB_Opensource_Library\project\iar\Debug_m7_0\Obj\rev_b_4986922561640112550.dir: [22]
    system_tviibh4m_cm7.o      336      148       20
    ------------------------------------------------
    Total:                     336      148       20

C:\Users\20463\Downloads\lt\lt\Seekfree_CYT4BB_Opensource_Library\project\iar\Debug_m7_0\Obj\rev_b_6162237342861132223.dir: [23]
    cy_interrupt_map.o         408      118    1'776
    ------------------------------------------------
    Total:                     408      118    1'776

C:\Users\20463\Downloads\lt\lt\Seekfree_CYT4BB_Opensource_Library\project\iar\Debug_m7_0\Obj\scb_15490842639181808494.dir: [24]
    cy_scb_uart.o              788       40
    ------------------------------------------------
    Total:                     788       40

C:\Users\20463\Downloads\lt\lt\Seekfree_CYT4BB_Opensource_Library\project\iar\Debug_m7_0\Obj\sd_host_2982766354293506895.dir: [25]
    ------------------------------------------------
    Total:

C:\Users\20463\Downloads\lt\lt\Seekfree_CYT4BB_Opensource_Library\project\iar\Debug_m7_0\Obj\semihosting_143864889731838620.dir: [26]
    ------------------------------------------------
    Total:

C:\Users\20463\Downloads\lt\lt\Seekfree_CYT4BB_Opensource_Library\project\iar\Debug_m7_0\Obj\smartio_5451710003740070188.dir: [27]
    ------------------------------------------------
    Total:

C:\Users\20463\Downloads\lt\lt\Seekfree_CYT4BB_Opensource_Library\project\iar\Debug_m7_0\Obj\smif_427648126384146252.dir: [28]
    ------------------------------------------------
    Total:

C:\Users\20463\Downloads\lt\lt\Seekfree_CYT4BB_Opensource_Library\project\iar\Debug_m7_0\Obj\smif_mem_6470536964353725183.dir: [29]
    ------------------------------------------------
    Total:

C:\Users\20463\Downloads\lt\lt\Seekfree_CYT4BB_Opensource_Library\project\iar\Debug_m7_0\Obj\srom_13018798572330080582.dir: [30]
    ------------------------------------------------
    Total:

C:\Users\20463\Downloads\lt\lt\Seekfree_CYT4BB_Opensource_Library\project\iar\Debug_m7_0\Obj\startup_479057977785470282.dir: [31]
    startup.o                  516       24
    startup_cm7.o              442               128
    ------------------------------------------------
    Total:                     958       24      128

C:\Users\20463\Downloads\lt\lt\Seekfree_CYT4BB_Opensource_Library\project\iar\Debug_m7_0\Obj\sw_timer_4215635015939382130.dir: [32]
    ------------------------------------------------
    Total:

C:\Users\20463\Downloads\lt\lt\Seekfree_CYT4BB_Opensource_Library\project\iar\Debug_m7_0\Obj\sysclk_16149231235676103872.dir: [33]
    cy_sysclk.o              2'280      248       25
    ------------------------------------------------
    Total:                   2'280      248       25

C:\Users\20463\Downloads\lt\lt\Seekfree_CYT4BB_Opensource_Library\project\iar\Debug_m7_0\Obj\sysflt_12293435975120599261.dir: [34]
    ------------------------------------------------
    Total:

C:\Users\20463\Downloads\lt\lt\Seekfree_CYT4BB_Opensource_Library\project\iar\Debug_m7_0\Obj\sysint_7435970359207984181.dir: [35]
    cy_sysint.o                172        8
    ------------------------------------------------
    Total:                     172        8

C:\Users\20463\Downloads\lt\lt\Seekfree_CYT4BB_Opensource_Library\project\iar\Debug_m7_0\Obj\syslib_16330585751512546975.dir: [36]
    cy_syslib.o                182               140
    cy_syslib_iar.o             30
    ------------------------------------------------
    Total:                     212               140

C:\Users\20463\Downloads\lt\lt\Seekfree_CYT4BB_Opensource_Library\project\iar\Debug_m7_0\Obj\syspm_10887939769544754770.dir: [37]
    ------------------------------------------------
    Total:

C:\Users\20463\Downloads\lt\lt\Seekfree_CYT4BB_Opensource_Library\project\iar\Debug_m7_0\Obj\sysreghc_17676636058511625587.dir: [38]
    ------------------------------------------------
    Total:

C:\Users\20463\Downloads\lt\lt\Seekfree_CYT4BB_Opensource_Library\project\iar\Debug_m7_0\Obj\sysreset_14586141425677365288.dir: [39]
    ------------------------------------------------
    Total:

C:\Users\20463\Downloads\lt\lt\Seekfree_CYT4BB_Opensource_Library\project\iar\Debug_m7_0\Obj\sysrtc_10747768817563771611.dir: [40]
    ------------------------------------------------
    Total:

C:\Users\20463\Downloads\lt\lt\Seekfree_CYT4BB_Opensource_Library\project\iar\Debug_m7_0\Obj\systick_16016591671695740695.dir: [41]
    ------------------------------------------------
    Total:

C:\Users\20463\Downloads\lt\lt\Seekfree_CYT4BB_Opensource_Library\project\iar\Debug_m7_0\Obj\syswdt_9118657615806274156.dir: [42]
    ------------------------------------------------
    Total:

C:\Users\20463\Downloads\lt\lt\Seekfree_CYT4BB_Opensource_Library\project\iar\Debug_m7_0\Obj\tcpwm_422923530147891246.dir: [43]
    cy_tcpwm.o                  12
    cy_tcpwm_counter.o         398       20
    ------------------------------------------------
    Total:                     410       20

C:\Users\20463\Downloads\lt\lt\Seekfree_CYT4BB_Opensource_Library\project\iar\Debug_m7_0\Obj\trigmux_9729677290734583340.dir: [44]
    ------------------------------------------------
    Total:

C:\Users\20463\Downloads\lt\lt\Seekfree_CYT4BB_Opensource_Library\project\iar\Debug_m7_0\Obj\user_8514941877209965082.dir: [45]
    cm7_0_isr.o                116
    main_cm7_0.o                32
    ------------------------------------------------
    Total:                     148

C:\Users\20463\Downloads\lt\lt\Seekfree_CYT4BB_Opensource_Library\project\iar\Debug_m7_0\Obj\zf_common_1201165462030747823.dir: [46]
    zf_common_clock.o           28                 4
    zf_common_debug.o        1'056      108      112
    zf_common_fifo.o         1'096      104
    zf_common_interrupt.o      226                 4
    ------------------------------------------------
    Total:                   2'406      212      120

C:\Users\20463\Downloads\lt\lt\Seekfree_CYT4BB_Opensource_Library\project\iar\Debug_m7_0\Obj\zf_components_14936052685886095442.dir: [47]
    ------------------------------------------------
    Total:

C:\Users\20463\Downloads\lt\lt\Seekfree_CYT4BB_Opensource_Library\project\iar\Debug_m7_0\Obj\zf_device_6570275422786408770.dir: [48]
    zf_device_gnss.o           276               413
    zf_device_type.o             2        1        8
    ------------------------------------------------
    Total:                     278        1      421

C:\Users\20463\Downloads\lt\lt\Seekfree_CYT4BB_Opensource_Library\project\iar\Debug_m7_0\Obj\zf_driver_11922370083829174090.dir: [49]
    zf_driver_delay.o          544        1        3
    zf_driver_gpio.o           228
    zf_driver_pwm.o             32
    zf_driver_uart.o         2'764      106      576
    ------------------------------------------------
    Total:                   3'568      107      579

dl7M_tln.a: [50]
    abort.o                      6
    exit.o                       4
    sprintf.o                   64
    strncmp.o                   42
    xfail_s.o                   64                 4
    xprintffull_nomb.o       3'758
    xsprout.o                   10
    ------------------------------------------------
    Total:                   3'948                 4

m7M_tlv.a: [51]
    DblCmpGe.o                  52
    DblCmpLe.o                  52
    DblDiv.o                    18
    DblMul.o                    18
    DblSub.o                    18
    DblToS32.o                  14
    DblToU32.o                  14
    S32ToDbl.o                  14
    U32ToDbl.o                  14
    fpinit_M.o                  34
    frexp.o                    112
    ldexp.o                    260
    ------------------------------------------------
    Total:                     620

rt7M_tl.a: [52]
    ABImemclr4.o                 6
    ABImemcpy.o                166
    ABImemset.o                102
    ABImemset48.o               50
    I64DivMod.o                560
    I64DivZer.o                  2
    cexit.o                     10
    cmain.o                     30
    cstartup_M.o                28
    data_init.o                 40
    lz77_init_single.o         126
    memchr.o                    88
    strchr.o                    22
    strlen.o                    54
    strncpy.o                  112
    zero_init3.o                56
    ------------------------------------------------
    Total:                   1'452

shb_l.a: [53]
    exit.o                      20
    ------------------------------------------------
    Total:                      20

    Gaps                        30        4
    Linker created                       32    8'192
----------------------------------------------------
    Grand Total:            18'438      962   11'405


*******************************************************************************
*** ENTRY LIST
***

Entry                       Address   Size  Type      Object
-----                       -------   ----  ----      ------
.iar.init_table$$Base   0x1008'4914          --   Gb  - Linker created -
.iar.init_table$$Limit  0x1008'4934          --   Gb  - Linker created -
?main                   0x1008'49b1         Code  Gb  cmain.o [52]
BusFault_Handler        0x1008'4b39         Code  Wk  startup_cm7.o [31]
CSTACK$$Base            0x2807'e000          --   Gb  - Linker created -
CSTACK$$Limit           0x2808'0000          --   Gb  - Linker created -
CopyVectorTable         0x1008'3fb1   0x34  Code  Lc  startup.o [31]
CpuUserInt0_Handler     0x1008'4193   0x26  Code  Gb  cy_interrupt_map.o [23]
CpuUserInt10_Handler    0x1008'4b55         Code  Wk  startup_cm7.o [31]
CpuUserInt11_Handler    0x1008'4b59         Code  Wk  startup_cm7.o [31]
CpuUserInt12_Handler    0x1008'4b5d         Code  Wk  startup_cm7.o [31]
CpuUserInt13_Handler    0x1008'4b61         Code  Wk  startup_cm7.o [31]
CpuUserInt14_Handler    0x1008'4b65         Code  Wk  startup_cm7.o [31]
CpuUserInt15_Handler    0x1008'4b69         Code  Wk  startup_cm7.o [31]
CpuUserInt1_Handler     0x1008'41b9   0x26  Code  Gb  cy_interrupt_map.o [23]
CpuUserInt2_Handler     0x1008'41df   0x26  Code  Gb  cy_interrupt_map.o [23]
CpuUserInt3_Handler     0x1008'4205   0x26  Code  Gb  cy_interrupt_map.o [23]
CpuUserInt4_Handler     0x1008'422b   0x26  Code  Gb  cy_interrupt_map.o [23]
CpuUserInt5_Handler     0x1008'4251   0x26  Code  Gb  cy_interrupt_map.o [23]
CpuUserInt6_Handler     0x1008'4277   0x26  Code  Gb  cy_interrupt_map.o [23]
CpuUserInt7_Handler     0x1008'429d   0x26  Code  Gb  cy_interrupt_map.o [23]
CpuUserInt8_Handler     0x1008'4b4d         Code  Wk  startup_cm7.o [31]
CpuUserInt9_Handler     0x1008'4b51         Code  Wk  startup_cm7.o [31]
Cy_DefaultUserHandler   0x1008'4191    0x2  Code  Gb  cy_interrupt_map.o [23]
Cy_GPIO_ClearInterrupt  0x1008'260f    0xe  Code  Lc  cy_gpio.o [14]
Cy_GPIO_Clr             0x1008'4457    0xa  Code  Lc  zf_driver_gpio.o [49]
Cy_GPIO_Pin_Init        0x1008'2653   0x72  Code  Gb  cy_gpio.o [14]
Cy_GPIO_Set             0x1008'444d    0xa  Code  Lc  zf_driver_gpio.o [49]
Cy_GPIO_SetDriveSel     0x1008'25f1   0x1e  Code  Lc  cy_gpio.o [14]
Cy_GPIO_SetDrivemode    0x1008'25a1   0x1c  Code  Lc  cy_gpio.o [14]
Cy_GPIO_SetHSIOM        0x1008'253d   0x4c  Code  Lc  cy_gpio.o [14]
Cy_GPIO_SetInterruptEdge
                        0x1008'2637   0x1c  Code  Lc  cy_gpio.o [14]
Cy_GPIO_SetInterruptMask
                        0x1008'261d   0x1a  Code  Lc  cy_gpio.o [14]
Cy_GPIO_SetSlewRate     0x1008'25d7   0x1a  Code  Lc  cy_gpio.o [14]
Cy_GPIO_SetVtrip        0x1008'25bd   0x1a  Code  Lc  cy_gpio.o [14]
Cy_GPIO_Write           0x1008'2589   0x18  Code  Lc  cy_gpio.o [14]
Cy_RestoreIRQ           0x1008'416d         Code  Gb  startup_cm7.o [31]
Cy_SCB_ClearRxFifo      0x1008'1795   0x1e  Code  Lc  zf_driver_uart.o [49]
Cy_SCB_ClearRxInterrupt
                        0x1008'17fb    0xa  Code  Lc  zf_driver_uart.o [49]
Cy_SCB_ClearTxInterrupt
                        0x1008'1811    0xa  Code  Lc  zf_driver_uart.o [49]
Cy_SCB_GetNumInRxFifo   0x1008'178b    0xa  Code  Lc  zf_driver_uart.o [49]
Cy_SCB_GetNumInTxFifo   0x1008'17b9    0xa  Code  Lc  zf_driver_uart.o [49]
Cy_SCB_GetRxInterruptMask
                        0x1008'17f5    0x6  Code  Lc  zf_driver_uart.o [49]
Cy_SCB_GetTxInterruptMask
                        0x1008'180b    0x6  Code  Lc  zf_driver_uart.o [49]
Cy_SCB_GetTxSrValid     0x1008'17c3    0xa  Code  Lc  zf_driver_uart.o [49]
Cy_SCB_IsTxComplete     0x1008'17cd   0x22  Code  Lc  zf_driver_uart.o [49]
Cy_SCB_ReadRxFifo       0x1008'1785    0x6  Code  Lc  zf_driver_uart.o [49]
Cy_SCB_SetRxInterruptMask
                        0x1008'17ef    0x6  Code  Lc  zf_driver_uart.o [49]
Cy_SCB_SetTxInterruptMask
                        0x1008'1805    0x6  Code  Lc  zf_driver_uart.o [49]
Cy_SCB_UART_DeInit      0x1008'2955   0x5c  Code  Gb  cy_scb_uart.o [24]
Cy_SCB_UART_Enable      0x1008'181b    0xa  Code  Lc  zf_driver_uart.o [49]
Cy_SCB_UART_Init        0x1008'26d1  0x284  Code  Gb  cy_scb_uart.o [24]
Cy_SCB_WriteTxFifo      0x1008'17b3    0x6  Code  Lc  zf_driver_uart.o [49]
Cy_SaveIRQ              0x1008'4165         Code  Gb  startup_cm7.o [31]
Cy_SysClk_CheckDividerExisting
                        0x1008'3a55   0x2a  Code  Lc  zf_driver_delay.o [49]
Cy_SysClk_CheckDividerExisting
                        0x1008'15e1   0x2c  Code  Lc  zf_driver_uart.o [49]
Cy_SysClk_ClkPathGetSource
                        0x1008'31c5   0x54  Code  Gb  cy_sysclk.o [33]
Cy_SysClk_EcoGetStatus  0x1008'3051   0x1a  Code  Lc  cy_sysclk.o [33]
Cy_SysClk_Fast0ClkGetDivider
                        0x1008'3199   0x16  Code  Lc  cy_sysclk.o [33]
Cy_SysClk_Fast1ClkGetDivider
                        0x1008'31af   0x16  Code  Lc  cy_sysclk.o [33]
Cy_SysClk_FllGetConfiguration
                        0x1008'3221   0x7e  Code  Gb  cy_sysclk.o [33]
Cy_SysClk_FllGetLockStatus
                        0x1008'306b    0xc  Code  Lc  cy_sysclk.o [33]
Cy_SysClk_GetClockGroup
                        0x1008'3afd    0x8  Code  Lc  zf_driver_delay.o [49]
Cy_SysClk_GetClockGroup
                        0x1008'16c5    0x8  Code  Lc  zf_driver_uart.o [49]
Cy_SysClk_GetCoreFrequency
                        0x1008'38e5   0x2a  Code  Gb  cy_sysclk.o [33]
Cy_SysClk_GetEcoFrequency
                        0x1008'33ed   0x32  Code  Gb  cy_sysclk.o [33]
Cy_SysClk_GetExtFrequency
                        0x1008'3421   0x1e  Code  Gb  cy_sysclk.o [33]
Cy_SysClk_GetFast0Frequency
                        0x1008'3839   0x56  Code  Gb  cy_sysclk.o [33]
Cy_SysClk_GetFast1Frequency
                        0x1008'388f   0x56  Code  Gb  cy_sysclk.o [33]
Cy_SysClk_GetFllInputFrequency
                        0x1008'3541    0xc  Code  Gb  cy_sysclk.o [33]
Cy_SysClk_GetFllOutputFrequency
                        0x1008'3569   0x78  Code  Gb  cy_sysclk.o [33]
Cy_SysClk_GetHfClkFrequency
                        0x1008'37bb   0x7a  Code  Gb  cy_sysclk.o [33]
Cy_SysClk_GetIlo0Frequency
                        0x1008'343f   0x32  Code  Gb  cy_sysclk.o [33]
Cy_SysClk_GetIlo1Frequency
                        0x1008'3471   0x32  Code  Gb  cy_sysclk.o [33]
Cy_SysClk_GetImoFrequency
                        0x1008'33bb   0x32  Code  Gb  cy_sysclk.o [33]
Cy_SysClk_GetPathFrequency
                        0x1008'3789   0x32  Code  Gb  cy_sysclk.o [33]
Cy_SysClk_GetPathSourceFrequency
                        0x1008'34dd   0x64  Code  Gb  cy_sysclk.o [33]
Cy_SysClk_GetPll400MNo  0x1008'30b5   0x14  Code  Lc  cy_sysclk.o [33]
Cy_SysClk_GetPllInputFrequency
                        0x1008'354d   0x1c  Code  Gb  cy_sysclk.o [33]
Cy_SysClk_GetPllNo      0x1008'3079   0x12  Code  Lc  cy_sysclk.o [33]
Cy_SysClk_GetPllOutputFrequency
                        0x1008'35e5  0x1a0  Code  Gb  cy_sysclk.o [33]
Cy_SysClk_GetWcoFrequency
                        0x1008'34a3   0x32  Code  Gb  cy_sysclk.o [33]
Cy_SysClk_HfClockGetDivider
                        0x1008'3157   0x42  Code  Lc  cy_sysclk.o [33]
Cy_SysClk_HfClockGetSource
                        0x1008'3103   0x54  Code  Lc  cy_sysclk.o [33]
Cy_SysClk_InitGetFreqParams
                        0x1008'33a1   0x1a  Code  Gb  cy_sysclk.o [33]
Cy_SysClk_PeriphAssignDivider
                        0x1008'3b05   0x68  Code  Lc  zf_driver_delay.o [49]
Cy_SysClk_PeriphAssignDivider
                        0x1008'16cd   0x6a  Code  Lc  zf_driver_uart.o [49]
Cy_SysClk_PeriphEnableDivider
                        0x1008'3b6d   0x4c  Code  Lc  zf_driver_delay.o [49]
Cy_SysClk_PeriphEnableDivider
                        0x1008'1737   0x4e  Code  Lc  zf_driver_uart.o [49]
Cy_SysClk_PeriphSetDivider
                        0x1008'3a7f   0x7e  Code  Lc  zf_driver_delay.o [49]
Cy_SysClk_PeriphSetFracDivider
                        0x1008'160d   0xb8  Code  Lc  zf_driver_uart.o [49]
Cy_SysClk_Pll400MGetConfiguration
                        0x1008'330d   0x84  Code  Gb  cy_sysclk.o [33]
Cy_SysClk_Pll400MGetLockStatus
                        0x1008'30c9   0x2a  Code  Lc  cy_sysclk.o [33]
Cy_SysClk_PllGetConfiguration
                        0x1008'32b9   0x48  Code  Gb  cy_sysclk.o [33]
Cy_SysClk_PllGetLockStatus
                        0x1008'308b   0x28  Code  Lc  cy_sysclk.o [33]
Cy_SysClk_WcoOkay       0x1008'30f5    0xe  Code  Lc  cy_sysclk.o [33]
Cy_SysInt_InitIRQ       0x1008'2fa5   0x7e  Code  Gb  cy_sysint.o [35]
Cy_SysInt_SetSystemIrqVector
                        0x1008'3023   0x12  Code  Gb  cy_sysint.o [35]
Cy_SysInt_SystemIrqUserTableRamPointer
                        0x2802'06ec    0x4  Data  Gb  cy_interrupt_map.o [23]
Cy_SysLib_DelayCycles   0x1008'4991         Code  Gb  cy_syslib_iar.o [36]
Cy_SysLib_EnterCriticalSection
                        0x1008'49a1         Code  Gb  cy_syslib_iar.o [36]
Cy_SysLib_ExitCriticalSection
                        0x1008'49a9         Code  Gb  cy_syslib_iar.o [36]
Cy_SysLib_FaultHandler  0x1008'39ad   0x90  Code  Gb  cy_syslib.o [36]
Cy_SysLib_Halt          0x1008'39a9    0x4  Code  Gb  cy_syslib.o [36]
Cy_SysLib_ProcessingFault
                        0x1008'3a51    0x2  Code  Wk  cy_syslib.o [36]
Cy_SysLib_SvcHandler    0x1008'4ab9    0xc  Code  Wk  cy_syslib.o [36]
Cy_SystemInitFpuEnable  0x1008'4105   0x1e  Code  Gb  system_tviibh4m_cm7.o [22]
Cy_SystemIrqUserTable   0x2802'0000  0x6ec  Data  Gb  cy_interrupt_map.o [23]
Cy_Tcpwm_Counter_Enable
                        0x1008'3df5    0xa  Code  Gb  cy_tcpwm_counter.o [43]
Cy_Tcpwm_Counter_Init   0x1008'3c75  0x16c  Code  Gb  cy_tcpwm_counter.o [43]
Cy_Tcpwm_Counter_SetCounter
                        0x1008'3dff    0x4  Code  Gb  cy_tcpwm_counter.o [43]
Cy_Tcpwm_TriggerStart   0x1008'3e03    0xc  Code  Gb  cy_tcpwm.o [43]
Cy_u32StartupStackEndAddress
                        0x1008'45dc         Data  Gb  startup_cm7.o [31]
Cy_u32StartupStackStartAddress
                        0x1008'45d8         Data  Gb  startup_cm7.o [31]
DebugMon_Handler        0x1008'4b41         Code  Wk  startup_cm7.o [31]
HEAP_STACK$$Base        0x2807'e000          --   Gb  - Linker created -
HEAP_STACK$$Limit       0x2808'0000          --   Gb  - Linker created -
HardFault_Handler       0x1008'4971         Code  Wk  startup_cm7.o [31]
InitRamEcc              0x1008'3e9f  0x100  Code  Lc  startup.o [31]
InitRamEccClearArea     0x1008'3f9f   0x12  Code  Lc  startup.o [31]
MemManage_Handler       0x1008'4b35         Code  Wk  startup_cm7.o [31]
NMI_Handler             0x1008'4b31         Code  Wk  startup_cm7.o [31]
PendSV_Handler          0x1008'4b45         Code  Wk  startup_cm7.o [31]
Region$$Table$$Base     0x1008'4914          --   Gb  - Linker created -
Region$$Table$$Limit    0x1008'4934          --   Gb  - Linker created -
Reset_Handler           0x1008'4531         Code  Wk  startup_cm7.o [31]
SVC_Handler             0x1008'4a01         Code  Wk  startup_cm7.o [31]
Startup_Init            0x1008'3e11   0x8e  Code  Gb  startup.o [31]
SysTick_Handler         0x1008'4b49         Code  Wk  startup_cm7.o [31]
SystemCoreClock         0x2802'0be4    0x4  Data  Gb  system_tviibh4m_cm7.o [22]
SystemCoreClockUpdate   0x1008'4071   0x94  Code  Gb  system_tviibh4m_cm7.o [22]
SystemInit              0x1008'4015   0x5c  Code  Gb  system_tviibh4m_cm7.o [22]
UsageFault_Handler      0x1008'4b3d         Code  Wk  startup_cm7.o [31]
_LC                     0x1008'0081    0x6  Code  Lc  xprintffull_nomb.o [50]
_LitobFullNoMb          0x1008'0d4d  0x114  Code  Lc  xprintffull_nomb.o [50]
_PrintfFullNoMb         0x1008'0087  0xc98  Code  Gb  xprintffull_nomb.o [50]
_PutcharsFullNoMb       0x1008'0eb9   0x2e  Code  Lc  xprintffull_nomb.o [50]
_SProut                 0x1008'0fc3    0xa  Code  Gb  xsprout.o [50]
__NVIC_ClearPendingIRQ  0x1008'4175   0x1c  Code  Lc  cy_interrupt_map.o [23]
__NVIC_ClearPendingIRQ  0x1008'2a01   0x1c  Code  Lc  zf_common_interrupt.o [46]
__NVIC_EnableIRQ        0x1008'29e5   0x1c  Code  Lc  zf_common_interrupt.o [46]
__NVIC_SetPriority      0x1008'2a1d   0x24  Code  Lc  zf_common_interrupt.o [46]
__Vectors               0x1008'0000          --   Gb  startup_cm7.o [31]
__Vectors_End           0x1008'0080         Data  Gb  startup_cm7.o [31]
__Vectors_Size {Abs}           0x80          --   Gb  startup_cm7.o [31]
__aeabi_cdcmple         0x1008'11b5         Code  Gb  DblCmpLe.o [51]
__aeabi_cdrcmple        0x1008'11e9         Code  Gb  DblCmpGe.o [51]
__aeabi_d2iz            0x1008'1321    0xe  Code  Gb  DblToS32.o [51]
__aeabi_d2uiz           0x1008'1361    0xe  Code  Gb  DblToU32.o [51]
__aeabi_ddiv            0x1008'134f   0x12  Code  Gb  DblDiv.o [51]
__aeabi_dmul            0x1008'137d   0x12  Code  Gb  DblMul.o [51]
__aeabi_dsub            0x1008'133d   0x12  Code  Gb  DblSub.o [51]
__aeabi_i2d             0x1008'132f    0xe  Code  Gb  S32ToDbl.o [51]
__aeabi_ldiv0           0x1008'15c9         Code  Gb  I64DivZer.o [52]
__aeabi_memclr4         0x1008'24cd         Code  Gb  ABImemclr4.o [52]
__aeabi_memcpy          0x1008'109d         Code  Gb  ABImemcpy.o [52]
__aeabi_memcpy4         0x1008'10bd         Code  Gb  ABImemcpy.o [52]
__aeabi_memcpy8         0x1008'10bd         Code  Gb  ABImemcpy.o [52]
__aeabi_memset          0x1008'24d5         Code  Gb  ABImemset.o [52]
__aeabi_ui2d            0x1008'136f    0xe  Code  Gb  U32ToDbl.o [51]
__aeabi_uldivmod        0x1008'1391         Code  Gb  I64DivMod.o [52]
__cmain                 0x1008'49b1         Code  Gb  cmain.o [52]
__ecc_init_dtcm_end_address {Abs}
                        0x2000'3fff         Data  Gb  <internal module>
__ecc_init_dtcm_start_address {Abs}
                        0x2000'0000         Data  Gb  <internal module>
__ecc_init_itcm_end_address {Abs}
                             0x3fff         Data  Gb  <internal module>
__ecc_init_itcm_start_address {Abs}
                                0x0         Data  Gb  <internal module>
__ecc_init_sram_end_address {Abs}
                        0x2807'ffff         Data  Gb  <internal module>
__ecc_init_sram_start_address {Abs}
                        0x2802'0000         Data  Gb  <internal module>
__exit                  0x1008'15cd   0x14  Code  Gb  exit.o [53]
__iar_Fail_s            0x1008'0fcd   0x1c  Code  Gb  xfail_s.o [50]
__iar_Memchr            0x1008'1045         Code  Gb  memchr.o [52]
__iar_Memset            0x1008'24d5         Code  Gb  ABImemset.o [52]
__iar_Memset4_word      0x1008'2f51         Code  Gb  ABImemset48.o [52]
__iar_Memset8_word      0x1008'2f51         Code  Gb  ABImemset48.o [52]
__iar_Memset_word       0x1008'24dd         Code  Gb  ABImemset.o [52]
__iar_Strchr            0x1008'0fad         Code  Gb  strchr.o [52]
__iar_data_init3        0x1008'48c9   0x28  Code  Gb  data_init.o [52]
__iar_frexp             0x1008'1151         Code  Gb  frexp.o [51]
__iar_frexpl            0x1008'1151         Code  Gb  frexp.o [51]
__iar_init_vfp          0x1008'48f1         Code  Gb  fpinit_M.o [51]
__iar_ldexp64           0x1008'1231         Code  Gb  ldexp.o [51]
__iar_lz77_init_single3
                        0x1008'0f2f   0x7e  Code  Gb  lz77_init_single.o [52]
__iar_program_start     0x1008'4a1d         Code  Gb  cstartup_M.o [52]
__iar_scalbln64         0x1008'1231         Code  Gb  ldexp.o [51]
__iar_scalbn64          0x1008'1231         Code  Gb  ldexp.o [51]
__iar_softfp___iar_frexp64
                        0x1008'1145         Code  Gb  frexp.o [51]
__iar_softfp___iar_ldexp64
                        0x1008'121d         Code  Gb  ldexp.o [51]
__iar_softfp___iar_scalbln64
                        0x1008'121d         Code  Gb  ldexp.o [51]
__iar_softfp___iar_scalbn64
                        0x1008'121d         Code  Gb  ldexp.o [51]
__iar_softfp_frexp      0x1008'1145         Code  Gb  frexp.o [51]
__iar_softfp_frexpl     0x1008'1145         Code  Gb  frexp.o [51]
__iar_softfp_ldexp      0x1008'121d         Code  Gb  ldexp.o [51]
__iar_softfp_ldexpl     0x1008'121d         Code  Gb  ldexp.o [51]
__iar_softfp_scalbln    0x1008'121d         Code  Gb  ldexp.o [51]
__iar_softfp_scalblnl   0x1008'121d         Code  Gb  ldexp.o [51]
__iar_softfp_scalbn     0x1008'121d         Code  Gb  ldexp.o [51]
__iar_softfp_scalbnl    0x1008'121d         Code  Gb  ldexp.o [51]
__iar_zero_init3        0x1008'4891   0x38  Code  Gb  zero_init3.o [52]
__low_level_init        0x1008'49d1         Code  Gb  startup_cm7.o [31]
__ramVectors            0x2802'0c80         Data  Gb  startup_cm7.o [31]
__vector_table          0x1008'0000         Data  Gb  startup_cm7.o [31]
__vector_table_0x1c     0x1008'001c         Data  Gb  startup_cm7.o [31]
_call_main              0x1008'49bd         Code  Gb  cmain.o [52]
_exit                   0x1008'49d9         Code  Gb  cexit.o [52]
abort                   0x1008'15c1    0x6  Code  Gb  abort.o [50]
assert_interrupt_config
                        0x1008'2a79    0xc  Code  Gb  zf_common_interrupt.o [46]
clock_init              0x1008'4955   0x16  Code  Gb  zf_common_clock.o [46]
cy_assertFileName       0x2802'0b74   0x18  Data  Gb  cy_syslib.o [36]
cy_assertLine           0x2802'0be0    0x4  Data  Gb  cy_syslib.o [36]
cy_delay32kMs           0x2802'0bf4    0x4  Data  Gb  system_tviibh4m_cm7.o [22]
cy_delayFreqHz          0x2802'0be8    0x4  Data  Gb  system_tviibh4m_cm7.o [22]
cy_delayFreqKhz         0x2802'0bec    0x4  Data  Gb  system_tviibh4m_cm7.o [22]
cy_delayFreqMhz         0x2802'0bf0    0x4  Data  Gb  system_tviibh4m_cm7.o [22]
cy_faultFrame           0x2802'0a3c   0x70  Data  Gb  cy_syslib.o [36]
debug_assert_handler    0x1008'23cb   0x3c  Code  Gb  zf_common_debug.o [46]
debug_assert_handler::assert_nest_index
                        0x2802'0c07    0x1  Data  Lc  zf_common_debug.o [46]
debug_delay             0x1008'20ad   0x36  Code  Lc  zf_common_debug.o [46]
debug_info_init         0x1008'2451   0x18  Code  Gb  zf_common_debug.o [46]
debug_init              0x1008'2469   0x2a  Code  Gb  zf_common_debug.o [46]
debug_interrupr_handler
                        0x1008'23ab   0x20  Code  Gb  zf_common_debug.o [46]
debug_output            0x1008'20ef  0x2bc  Code  Lc  zf_common_debug.o [46]
debug_output_info       0x2802'0bbc   0x14  Data  Lc  zf_common_debug.o [46]
debug_output_init       0x1008'2427   0x2a  Code  Gb  zf_common_debug.o [46]
debug_output_struct_init
                        0x1008'2407   0x20  Code  Gb  zf_common_debug.o [46]
debug_uart_buffer       0x2802'0b1c   0x40  Data  Gb  zf_common_debug.o [46]
debug_uart_data         0x2802'0c06    0x1  Data  Gb  zf_common_debug.o [46]
debug_uart_fifo         0x2802'0b8c   0x18  Data  Gb  zf_common_debug.o [46]
debug_uart_str_output   0x1008'20e3    0xc  Code  Lc  zf_common_debug.o [46]
delay_clk               0x2802'0730    0x2  Data  Lc  zf_driver_delay.o [49]
divNumLocator           0x1008'4ac4    0x8  Data  Gb  cy_sysclk.o [33]
exit                    0x1008'49d5    0x4  Code  Gb  exit.o [50]
fifo_clear              0x1008'2b3d   0x74  Code  Gb  zf_common_fifo.o [46]
fifo_end_offset         0x1008'2b23   0x1a  Code  Lc  zf_common_fifo.o [46]
fifo_head_offset        0x1008'2b09   0x1a  Code  Lc  zf_common_fifo.o [46]
fifo_init               0x1008'2f13   0x3a  Code  Gb  zf_common_fifo.o [46]
fifo_read_buffer        0x1008'2d73  0x1a0  Code  Gb  zf_common_fifo.o [46]
fifo_used               0x1008'2bb1   0x22  Code  Gb  zf_common_fifo.o [46]
fifo_write_buffer       0x1008'2bd3  0x1a0  Code  Gb  zf_common_fifo.o [46]
get_uart_config         0x1008'191f  0x20a  Code  Lc  zf_driver_uart.o [49]
gnss_flag               0x2802'0c08    0x1  Data  Gb  zf_device_gnss.o [48]
gnss_gga_state          0x2802'0c0a    0x1  Data  Lc  zf_device_gnss.o [48]
gnss_receiver_fifo      0x2802'0ba4   0x18  Data  Lc  zf_device_gnss.o [48]
gnss_rmc_state          0x2802'0c0b    0x1  Data  Lc  zf_device_gnss.o [48]
gnss_state              0x2802'0c09    0x1  Data  Lc  zf_device_gnss.o [48]
gnss_ths_state          0x2802'0c0c    0x1  Data  Lc  zf_device_gnss.o [48]
gnss_uart_callback      0x1008'430d   0xe2  Code  Gb  zf_device_gnss.o [48]
gpio_init               0x1008'44a5   0x88  Code  Gb  zf_driver_gpio.o [49]
gpio_set_level          0x1008'4461   0x44  Code  Gb  zf_driver_gpio.o [49]
gps_gga_buffer          0x2802'08bc   0x80  Data  Lc  zf_device_gnss.o [48]
gps_rmc_buffer          0x2802'093c   0x80  Data  Lc  zf_device_gnss.o [48]
gps_ths_buffer          0x2802'09bc   0x80  Data  Lc  zf_device_gnss.o [48]
intFreqInitialized      0x2802'0c04    0x1  Data  Gb  cy_sysclk.o [33]
internalBaseFreqInfo    0x2802'0b5c   0x18  Data  Gb  cy_sysclk.o [33]
interrupt_global_disable
                        0x1008'2a51   0x14  Code  Gb  zf_common_interrupt.o [46]
interrupt_global_enable
                        0x1008'2a41   0x10  Code  Gb  zf_common_interrupt.o [46]
interrupt_global_flag   0x2802'0bfc    0x4  Data  Lc  zf_common_interrupt.o [46]
interrupt_init          0x1008'2a91   0x36  Code  Gb  zf_common_interrupt.o [46]
interrupt_set_priority  0x1008'2a85    0xc  Code  Gb  zf_common_interrupt.o [46]
ldexp                   0x1008'1231         Code  Gb  ldexp.o [51]
ldexpl                  0x1008'1231         Code  Gb  ldexp.o [51]
main                    0x1008'4935   0x20  Code  Gb  main_cm7_0.o [45]
memchr                  0x1008'1045         Code  Gb  memchr.o [52]
pwm_all_channel_close   0x1008'2f85   0x1a  Code  Gb  zf_driver_pwm.o [49]
scalbln                 0x1008'1231         Code  Gb  ldexp.o [51]
scalblnl                0x1008'1231         Code  Gb  ldexp.o [51]
scalbn                  0x1008'1231         Code  Gb  ldexp.o [51]
scalbnl                 0x1008'1231         Code  Gb  ldexp.o [51]
scale                   0x1008'0e61   0x46  Code  Lc  xprintffull_nomb.o [50]
scb_module              0x2802'0714   0x1c  Data  Gb  zf_driver_uart.o [49]
sec_hand                0x2802'0c00    0x4  Data  Lc  xfail_s.o [50]
sprintf                 0x1008'2ac9   0x40  Code  Gb  sprintf.o [50]
strchr                  0x1008'0fad         Code  Gb  strchr.o [52]
strlen                  0x1008'100d         Code  Gb  strlen.o [52]
strncmp                 0x1008'4421   0x2a  Code  Gb  strncmp.o [50]
strncpy                 0x1008'3939         Code  Gb  strncpy.o [52]
system_clock            0x2802'0bf8    0x4  Data  Gb  zf_common_clock.o [46]
system_delay_init       0x1008'3bb9   0xa6  Code  Gb  zf_driver_delay.o [49]
timer_ch                0x2802'0733    0x1  Data  Lc  zf_driver_delay.o [49]
type_default_callback   0x1008'4b6d    0x2  Code  Lc  zf_device_type.o [48]
uart0_isr               0x1008'474d   0x12  Code  Gb  cm7_0_isr.o [45]
uart1_isr               0x1008'475f   0x14  Code  Gb  cm7_0_isr.o [45]
uart2_isr               0x1008'4773   0x12  Code  Gb  cm7_0_isr.o [45]
uart3_isr               0x1008'4785    0xa  Code  Gb  cm7_0_isr.o [45]
uart4_isr               0x1008'478f   0x14  Code  Gb  cm7_0_isr.o [45]
uart5_isr               0x1008'47ad    0xa  Code  Gb  cm7_0_isr.o [45]
uart6_isr               0x1008'47b7    0xa  Code  Gb  cm7_0_isr.o [45]
uart_context            0x2802'0734  0x188  Data  Gb  zf_driver_uart.o [49]
uart_data_buffer        0x2802'0aac   0x70  Data  Lc  zf_driver_uart.o [49]
uart_data_buffer_count  0x2802'0bd0    0x8  Data  Lc  zf_driver_uart.o [49]
uart_data_refresh       0x2802'0bd8    0x8  Data  Lc  zf_driver_uart.o [49]
uart_init               0x1008'1ead  0x1c0  Code  Gb  zf_driver_uart.o [49]
uart_isr_func           0x2802'06f8   0x1c  Data  Gb  zf_driver_uart.o [49]
uart_isr_mask           0x1008'1825   0xfa  Code  Gb  zf_driver_uart.o [49]
uart_query_byte         0x1008'1b6d   0x74  Code  Gb  zf_driver_uart.o [49]
uart_receiver_handler   0x2802'06f4    0x4  Data  Gb  zf_device_type.o [48]
uart_rx_interrupt       0x1008'1cfd  0x1a8  Code  Gb  zf_driver_uart.o [49]
uart_tx_interrupt       0x1008'1be1  0x11c  Code  Gb  zf_driver_uart.o [49]
uart_write_byte         0x1008'1b29   0x28  Code  Gb  zf_driver_uart.o [49]
uart_write_string       0x1008'1b51   0x1c  Code  Gb  zf_driver_uart.o [49]
wireless_module_uart_handler
                        0x2802'06f0    0x4  Data  Gb  zf_device_type.o [48]
zf_debug_assert_enable  0x2802'0732    0x1  Data  Lc  zf_common_debug.o [46]
zf_debug_init_flag      0x2802'0c05    0x1  Data  Lc  zf_common_debug.o [46]


[1] = C:\Users\20463\Downloads\lt\lt\Seekfree_CYT4BB_Opensource_Library\project\iar\Debug_m7_0\Obj\adc_11722776235721520015.dir
[2] = C:\Users\20463\Downloads\lt\lt\Seekfree_CYT4BB_Opensource_Library\project\iar\Debug_m7_0\Obj\audioss_1346650047966882938.dir
[3] = C:\Users\20463\Downloads\lt\lt\Seekfree_CYT4BB_Opensource_Library\project\iar\Debug_m7_0\Obj\button_4990804375159372270.dir
[4] = C:\Users\20463\Downloads\lt\lt\Seekfree_CYT4BB_Opensource_Library\project\iar\Debug_m7_0\Obj\canfd_1800690984773873875.dir
[5] = C:\Users\20463\Downloads\lt\lt\Seekfree_CYT4BB_Opensource_Library\project\iar\Debug_m7_0\Obj\code_17896468042025673432.dir
[6] = C:\Users\20463\Downloads\lt\lt\Seekfree_CYT4BB_Opensource_Library\project\iar\Debug_m7_0\Obj\cpu_15938736945165268644.dir
[7] = C:\Users\20463\Downloads\lt\lt\Seekfree_CYT4BB_Opensource_Library\project\iar\Debug_m7_0\Obj\crypto_1190170608956581615.dir
[8] = C:\Users\20463\Downloads\lt\lt\Seekfree_CYT4BB_Opensource_Library\project\iar\Debug_m7_0\Obj\dma_12106025507578611576.dir
[9] = C:\Users\20463\Downloads\lt\lt\Seekfree_CYT4BB_Opensource_Library\project\iar\Debug_m7_0\Obj\eth_phy_18133017486186456677.dir
[10] = C:\Users\20463\Downloads\lt\lt\Seekfree_CYT4BB_Opensource_Library\project\iar\Debug_m7_0\Obj\ethernet_6029839089178797009.dir
[11] = C:\Users\20463\Downloads\lt\lt\Seekfree_CYT4BB_Opensource_Library\project\iar\Debug_m7_0\Obj\evtgen_3404189088603873129.dir
[12] = C:\Users\20463\Downloads\lt\lt\Seekfree_CYT4BB_Opensource_Library\project\iar\Debug_m7_0\Obj\flash_8529866181315662935.dir
[13] = C:\Users\20463\Downloads\lt\lt\Seekfree_CYT4BB_Opensource_Library\project\iar\Debug_m7_0\Obj\flash_864493325053435817.dir
[14] = C:\Users\20463\Downloads\lt\lt\Seekfree_CYT4BB_Opensource_Library\project\iar\Debug_m7_0\Obj\gpio_3999404635324069351.dir
[15] = C:\Users\20463\Downloads\lt\lt\Seekfree_CYT4BB_Opensource_Library\project\iar\Debug_m7_0\Obj\ipc_10145506163450686023.dir
[16] = C:\Users\20463\Downloads\lt\lt\Seekfree_CYT4BB_Opensource_Library\project\iar\Debug_m7_0\Obj\lin_18429031207028094880.dir
[17] = C:\Users\20463\Downloads\lt\lt\Seekfree_CYT4BB_Opensource_Library\project\iar\Debug_m7_0\Obj\lvd_6353935867039560245.dir
[18] = C:\Users\20463\Downloads\lt\lt\Seekfree_CYT4BB_Opensource_Library\project\iar\Debug_m7_0\Obj\mcwdt_4052485907822033969.dir
[19] = C:\Users\20463\Downloads\lt\lt\Seekfree_CYT4BB_Opensource_Library\project\iar\Debug_m7_0\Obj\mpu_5663187252346826382.dir
[20] = C:\Users\20463\Downloads\lt\lt\Seekfree_CYT4BB_Opensource_Library\project\iar\Debug_m7_0\Obj\power_14453085144426420577.dir
[21] = C:\Users\20463\Downloads\lt\lt\Seekfree_CYT4BB_Opensource_Library\project\iar\Debug_m7_0\Obj\prot_10722960861768657883.dir
[22] = C:\Users\20463\Downloads\lt\lt\Seekfree_CYT4BB_Opensource_Library\project\iar\Debug_m7_0\Obj\rev_b_4986922561640112550.dir
[23] = C:\Users\20463\Downloads\lt\lt\Seekfree_CYT4BB_Opensource_Library\project\iar\Debug_m7_0\Obj\rev_b_6162237342861132223.dir
[24] = C:\Users\20463\Downloads\lt\lt\Seekfree_CYT4BB_Opensource_Library\project\iar\Debug_m7_0\Obj\scb_15490842639181808494.dir
[25] = C:\Users\20463\Downloads\lt\lt\Seekfree_CYT4BB_Opensource_Library\project\iar\Debug_m7_0\Obj\sd_host_2982766354293506895.dir
[26] = C:\Users\20463\Downloads\lt\lt\Seekfree_CYT4BB_Opensource_Library\project\iar\Debug_m7_0\Obj\semihosting_143864889731838620.dir
[27] = C:\Users\20463\Downloads\lt\lt\Seekfree_CYT4BB_Opensource_Library\project\iar\Debug_m7_0\Obj\smartio_5451710003740070188.dir
[28] = C:\Users\20463\Downloads\lt\lt\Seekfree_CYT4BB_Opensource_Library\project\iar\Debug_m7_0\Obj\smif_427648126384146252.dir
[29] = C:\Users\20463\Downloads\lt\lt\Seekfree_CYT4BB_Opensource_Library\project\iar\Debug_m7_0\Obj\smif_mem_6470536964353725183.dir
[30] = C:\Users\20463\Downloads\lt\lt\Seekfree_CYT4BB_Opensource_Library\project\iar\Debug_m7_0\Obj\srom_13018798572330080582.dir
[31] = C:\Users\20463\Downloads\lt\lt\Seekfree_CYT4BB_Opensource_Library\project\iar\Debug_m7_0\Obj\startup_479057977785470282.dir
[32] = C:\Users\20463\Downloads\lt\lt\Seekfree_CYT4BB_Opensource_Library\project\iar\Debug_m7_0\Obj\sw_timer_4215635015939382130.dir
[33] = C:\Users\20463\Downloads\lt\lt\Seekfree_CYT4BB_Opensource_Library\project\iar\Debug_m7_0\Obj\sysclk_16149231235676103872.dir
[34] = C:\Users\20463\Downloads\lt\lt\Seekfree_CYT4BB_Opensource_Library\project\iar\Debug_m7_0\Obj\sysflt_12293435975120599261.dir
[35] = C:\Users\20463\Downloads\lt\lt\Seekfree_CYT4BB_Opensource_Library\project\iar\Debug_m7_0\Obj\sysint_7435970359207984181.dir
[36] = C:\Users\20463\Downloads\lt\lt\Seekfree_CYT4BB_Opensource_Library\project\iar\Debug_m7_0\Obj\syslib_16330585751512546975.dir
[37] = C:\Users\20463\Downloads\lt\lt\Seekfree_CYT4BB_Opensource_Library\project\iar\Debug_m7_0\Obj\syspm_10887939769544754770.dir
[38] = C:\Users\20463\Downloads\lt\lt\Seekfree_CYT4BB_Opensource_Library\project\iar\Debug_m7_0\Obj\sysreghc_17676636058511625587.dir
[39] = C:\Users\20463\Downloads\lt\lt\Seekfree_CYT4BB_Opensource_Library\project\iar\Debug_m7_0\Obj\sysreset_14586141425677365288.dir
[40] = C:\Users\20463\Downloads\lt\lt\Seekfree_CYT4BB_Opensource_Library\project\iar\Debug_m7_0\Obj\sysrtc_10747768817563771611.dir
[41] = C:\Users\20463\Downloads\lt\lt\Seekfree_CYT4BB_Opensource_Library\project\iar\Debug_m7_0\Obj\systick_16016591671695740695.dir
[42] = C:\Users\20463\Downloads\lt\lt\Seekfree_CYT4BB_Opensource_Library\project\iar\Debug_m7_0\Obj\syswdt_9118657615806274156.dir
[43] = C:\Users\20463\Downloads\lt\lt\Seekfree_CYT4BB_Opensource_Library\project\iar\Debug_m7_0\Obj\tcpwm_422923530147891246.dir
[44] = C:\Users\20463\Downloads\lt\lt\Seekfree_CYT4BB_Opensource_Library\project\iar\Debug_m7_0\Obj\trigmux_9729677290734583340.dir
[45] = C:\Users\20463\Downloads\lt\lt\Seekfree_CYT4BB_Opensource_Library\project\iar\Debug_m7_0\Obj\user_8514941877209965082.dir
[46] = C:\Users\20463\Downloads\lt\lt\Seekfree_CYT4BB_Opensource_Library\project\iar\Debug_m7_0\Obj\zf_common_1201165462030747823.dir
[47] = C:\Users\20463\Downloads\lt\lt\Seekfree_CYT4BB_Opensource_Library\project\iar\Debug_m7_0\Obj\zf_components_14936052685886095442.dir
[48] = C:\Users\20463\Downloads\lt\lt\Seekfree_CYT4BB_Opensource_Library\project\iar\Debug_m7_0\Obj\zf_device_6570275422786408770.dir
[49] = C:\Users\20463\Downloads\lt\lt\Seekfree_CYT4BB_Opensource_Library\project\iar\Debug_m7_0\Obj\zf_driver_11922370083829174090.dir
[50] = dl7M_tln.a
[51] = m7M_tlv.a
[52] = rt7M_tl.a
[53] = shb_l.a
[54] = zf_device_config.a

  18'438 bytes of readonly  code memory
     962 bytes of readonly  data memory
  11'405 bytes of readwrite data memory

Errors: none
Warnings: none
